current directory: /Users/daveguymon/portfolio/spec-driven-link-shortener/vendor/bundle/ruby/3.3.0/gems/date-3.5.1/ext/date
/Users/daveguymon/.rbenv/versions/3.3.0/bin/ruby extconf.rb
checking for rb_category_warn()... yes
checking for timezone in time.h with  -Werror... yes
checking for altzone in time.h with  -Werror... no
creating Makefile

current directory: /Users/daveguymon/portfolio/spec-driven-link-shortener/vendor/bundle/ruby/3.3.0/gems/date-3.5.1/ext/date
make -j3 DESTDIR\= sitearchdir\=./.gem.20260813-75357-doq1zp sitelibdir\=./.gem.20260813-75357-doq1zp clean

current directory: /Users/daveguymon/portfolio/spec-driven-link-shortener/vendor/bundle/ruby/3.3.0/gems/date-3.5.1/ext/date
make -j3 DESTDIR\= sitearchdir\=./.gem.20260813-75357-doq1zp sitelibdir\=./.gem.20260813-75357-doq1zp
compiling date_core.c
compiling date_parse.c
compiling date_strftime.c
compiling date_strptime.c
linking shared-object date_core.bundle

current directory: /Users/daveguymon/portfolio/spec-driven-link-shortener/vendor/bundle/ruby/3.3.0/gems/date-3.5.1/ext/date
make -j3 DESTDIR\= sitearchdir\=./.gem.20260813-75357-doq1zp sitelibdir\=./.gem.20260813-75357-doq1zp install
/usr/bin/install -c -m 0755 date_core.bundle ./.gem.20260813-75357-doq1zp

current directory: /Users/daveguymon/portfolio/spec-driven-link-shortener/vendor/bundle/ruby/3.3.0/gems/date-3.5.1/ext/date
make DESTDIR\= sitearchdir\=./.gem.20260813-75357-doq1zp sitelibdir\=./.gem.20260813-75357-doq1zp clean
